=== find app/build -name '*.apk' ===
app/build/outputs/apk/phone/release/PocketCosmosLevi-release.apk
app/build/outputs/apk/phone/beta/PocketCosmosLevi-beta.apk
app/build/outputs/apk/phone/debug/PocketCosmosLevi-debug.apk
app/build/outputs/apk/tv/release/PocketCosmosLevi-arm-androidtv-release.apk
app/build/outputs/apk/tv/beta/PocketCosmosLevi-arm-androidtv-beta.apk
app/build/outputs/apk/tv/debug/PocketCosmosLevi-arm-androidtv-debug.apk
=== app/build/outputs tree ===
app/build/outputs
app/build/outputs/sdk-dependencies
app/build/outputs/sdk-dependencies/tvBeta
app/build/outputs/sdk-dependencies/tvBeta/sdkDependencies.txt
app/build/outputs/sdk-dependencies/phoneRelease
app/build/outputs/sdk-dependencies/phoneRelease/sdkDependencies.txt
app/build/outputs/sdk-dependencies/tvRelease
app/build/outputs/sdk-dependencies/tvRelease/sdkDependencies.txt
app/build/outputs/sdk-dependencies/phoneBeta
app/build/outputs/sdk-dependencies/phoneBeta/sdkDependencies.txt
app/build/outputs/apk
app/build/outputs/apk/phone
app/build/outputs/apk/phone/release
app/build/outputs/apk/phone/release/PocketCosmosLevi-release.apk
app/build/outputs/apk/phone/release/baselineProfiles
app/build/outputs/apk/phone/release/output-metadata.json
app/build/outputs/apk/phone/beta
app/build/outputs/apk/phone/beta/PocketCosmosLevi-beta.apk
app/build/outputs/apk/phone/beta/baselineProfiles
app/build/outputs/apk/phone/beta/output-metadata.json
app/build/outputs/apk/phone/debug
app/build/outputs/apk/phone/debug/PocketCosmosLevi-debug.apk
app/build/outputs/apk/phone/debug/output-metadata.json
app/build/outputs/apk/tv
app/build/outputs/apk/tv/release
app/build/outputs/apk/tv/release/PocketCosmosLevi-arm-androidtv-release.apk
app/build/outputs/apk/tv/release/baselineProfiles
app/build/outputs/apk/tv/release/output-metadata.json
app/build/outputs/apk/tv/beta
app/build/outputs/apk/tv/beta/baselineProfiles
app/build/outputs/apk/tv/beta/PocketCosmosLevi-arm-androidtv-beta.apk
app/build/outputs/apk/tv/beta/output-metadata.json
app/build/outputs/apk/tv/debug
app/build/outputs/apk/tv/debug/output-metadata.json
app/build/outputs/apk/tv/debug/PocketCosmosLevi-arm-androidtv-debug.apk
app/build/outputs/logs
app/build/outputs/logs/manifest-merger-phone-release-report.txt
app/build/outputs/logs/manifest-merger-tv-debug-report.txt
app/build/outputs/logs/manifest-merger-phone-debug-report.txt
app/build/outputs/logs/manifest-merger-tv-release-report.txt
app/build/outputs/logs/manifest-merger-tv-beta-report.txt
app/build/outputs/logs/manifest-merger-phone-beta-report.txt
=== full build_error.log line count ===
799 /tmp/build_error.log
=== first 150 lines (where the actual error usually is) ===
Downloading https://services.gradle.org/distributions/gradle-8.13-bin.zip
.............10%.............20%.............30%.............40%.............50%.............60%.............70%.............80%.............90%.............100%

Welcome to Gradle 8.13!

Here are the highlights of this release:
 - Daemon JVM auto-provisioning
 - Enhancements for Scala plugin and JUnit testing
 - Improvements for build authors and plugin developers

For more details see https://docs.gradle.org/8.13/release-notes.html

Starting a Gradle Daemon (subsequent builds will be faster)
> Task :app:preBuild UP-TO-DATE
> Task :app:preTvDebugBuild UP-TO-DATE

> Task :app:configureCMakeDebug[arm64-v8a]
Checking the license for package CMake 3.22.1 in /usr/local/lib/android/sdk/licenses
License for package CMake 3.22.1 accepted.
Preparing "Install CMake 3.22.1 v.3.22.1".
"Install CMake 3.22.1 v.3.22.1" ready.
Installing CMake 3.22.1 in /usr/local/lib/android/sdk/cmake/3.22.1
"Install CMake 3.22.1 v.3.22.1" complete.
"Install CMake 3.22.1 v.3.22.1" finished.

> Task :app:buildCMakeDebug[arm64-v8a]
> Task :app:prePhoneDebugBuild UP-TO-DATE
> Task :app:mergePhoneDebugJniLibFolders
> Task :minecraft:preBuild UP-TO-DATE
> Task :minecraft:preDebugBuild UP-TO-DATE
> Task :minecraft:mergeDebugJniLibFolders
> Task :minecraft:mergeDebugNativeLibs NO-SOURCE
> Task :pojav_controls:preBuild UP-TO-DATE
> Task :pojav_controls:preDebugBuild UP-TO-DATE
> Task :minecraft:copyDebugJniLibsProjectOnly
> Task :pojav_controls:mergeDebugJniLibFolders
> Task :pojav_controls:mergeDebugNativeLibs NO-SOURCE
> Task :app:checkKotlinGradlePluginConfigurationErrors SKIPPED
> Task :pojav_controls:copyDebugJniLibsProjectOnly
> Task :app:dataBindingMergeDependencyArtifactsPhoneDebug
> Task :app:generatePhoneDebugResValues
> Task :app:generatePhoneDebugResources
> Task :minecraft:generateDebugResValues
> Task :minecraft:generateDebugResources
> Task :app:mergePhoneDebugNativeLibs
> Task :minecraft:packageDebugResources
> Task :pojav_controls:generateDebugResValues
> Task :pojav_controls:generateDebugResources
> Task :pojav_controls:packageDebugResources
> Task :app:stripPhoneDebugDebugSymbols
> Task :app:extractPhoneDebugNativeDebugMetadata
> Task :app:mergePhoneDebugNativeDebugMetadata NO-SOURCE
> Task :app:mergePhoneDebugResources
> Task :app:packagePhoneDebugResources
> Task :minecraft:processDebugNavigationResources
> Task :pojav_controls:processDebugNavigationResources
> Task :app:processPhoneDebugNavigationResources
> Task :minecraft:parseDebugLocalResources
> Task :app:parsePhoneDebugLocalResources
> Task :minecraft:generateDebugRFile
> Task :app:generatePhoneDebugBuildConfig
> Task :pojav_controls:parseDebugLocalResources
> Task :minecraft:writeDebugAarMetadata
> Task :pojav_controls:writeDebugAarMetadata
> Task :pojav_controls:generateDebugRFile
> Task :app:dataBindingGenBaseClassesPhoneDebug
> Task :app:checkPhoneDebugAarMetadata
> Task :app:compilePhoneDebugNavigationResources
> Task :app:mapPhoneDebugSourceSetPaths
> Task :app:createPhoneDebugCompatibleScreenManifests
> Task :app:extractDeepLinksPhoneDebug
> Task :minecraft:extractDeepLinksDebug
> Task :pojav_controls:extractDeepLinksDebug
> Task :pojav_controls:processDebugManifest
> Task :minecraft:processDebugManifest
> Task :minecraft:compileDebugLibraryResources
> Task :app:processPhoneDebugMainManifest
> Task :app:processPhoneDebugManifest
> Task :pojav_controls:compileDebugLibraryResources
> Task :app:processPhoneDebugManifestForPackage
> Task :minecraft:checkKotlinGradlePluginConfigurationErrors SKIPPED
> Task :app:processPhoneDebugResources
> Task :minecraft:javaPreCompileDebug
> Task :pojav_controls:javaPreCompileDebug
> Task :minecraft:kaptGenerateStubsDebugKotlin

> Task :pojav_controls:compileDebugJavaWithJavac
Note: /home/runner/work/Pls/Pls/pojav_controls/src/main/java/org/levimc/pojavcontrols/PojavControlsEditorActivity.java uses or overrides a deprecated API.
Note: Recompile with -Xlint:deprecation for details.

> Task :pojav_controls:bundleLibCompileToJarDebug
> Task :app:javaPreCompilePhoneDebug
> Task :app:mergePhoneDebugShaders
> Task :app:compilePhoneDebugShaders NO-SOURCE
> Task :app:generatePhoneDebugAssets UP-TO-DATE
> Task :minecraft:mergeDebugShaders
> Task :minecraft:compileDebugShaders NO-SOURCE
> Task :minecraft:generateDebugAssets UP-TO-DATE
> Task :minecraft:mergeDebugAssets
> Task :pojav_controls:mergeDebugShaders
> Task :pojav_controls:compileDebugShaders NO-SOURCE
> Task :pojav_controls:generateDebugAssets UP-TO-DATE
> Task :pojav_controls:mergeDebugAssets
> Task :app:mergePhoneDebugAssets
> Task :app:compressPhoneDebugAssets
> Task :app:checkPhoneDebugDuplicateClasses
> Task :app:desugarPhoneDebugFileDependencies
> Task :minecraft:kaptDebugKotlin
> Task :app:mergeExtDexPhoneDebug
> Task :minecraft:compileDebugKotlin NO-SOURCE

> Task :minecraft:compileDebugJavaWithJavac
Note: Some input files use or override a deprecated API.
Note: Recompile with -Xlint:deprecation for details.
Note: Some input files use unchecked or unsafe operations.
Note: Recompile with -Xlint:unchecked for details.

> Task :minecraft:bundleLibCompileToJarDebug
> Task :minecraft:bundleLibRuntimeToDirDebug
> Task :pojav_controls:bundleLibRuntimeToDirDebug
> Task :app:mergeLibDexPhoneDebug
> Task :minecraft:bundleLibRuntimeToJarDebug
> Task :pojav_controls:bundleLibRuntimeToJarDebug
> Task :minecraft:processDebugJavaRes
> Task :pojav_controls:processDebugJavaRes NO-SOURCE
> Task :app:validateSigningPhoneDebug
> Task :app:writePhoneDebugAppMetadata
> Task :app:writePhoneDebugSigningConfigVersions
> Task :app:mergeTvDebugJniLibFolders
> Task :app:mergeTvDebugNativeLibs
> Task :app:stripTvDebugDebugSymbols
> Task :app:extractTvDebugNativeDebugMetadata
> Task :app:mergeTvDebugNativeDebugMetadata NO-SOURCE
> Task :app:dataBindingMergeDependencyArtifactsTvDebug
> Task :app:generateTvDebugResValues
> Task :app:generateTvDebugResources
> Task :app:mergeTvDebugResources
> Task :app:packageTvDebugResources
> Task :app:processTvDebugNavigationResources
> Task :app:parseTvDebugLocalResources
> Task :app:dataBindingGenBaseClassesTvDebug
> Task :app:generateTvDebugBuildConfig
> Task :app:checkTvDebugAarMetadata
> Task :app:compileTvDebugNavigationResources
> Task :app:mapTvDebugSourceSetPaths
> Task :app:createTvDebugCompatibleScreenManifests
> Task :app:extractDeepLinksTvDebug
> Task :app:processTvDebugMainManifest
> Task :app:processTvDebugManifest
> Task :app:processTvDebugManifestForPackage
=== lines containing Exception/Caused by/error ===
38:> Task :app:checkKotlinGradlePluginConfigurationErrors SKIPPED
81:> Task :minecraft:checkKotlinGradlePluginConfigurationErrors SKIPPED
